Enter password: ******
Welcome to the MySQL monitor.  Commands end with ; or \g.
Your MySQL connection id is 17
Server version: 8.0.34 MySQL Community Server - GPL

Copyright (c) 2000, 2023, Oracle and/or its affiliates.

Oracle is a registered trademark of Oracle Corporation and/or its
affiliates. Other names may be trademarks of their respective
owners.

Type 'help;' or '\h' for help. Type '\c' to clear the current input statement.

mysql> use problem3;
Database changed
mysql> CREATE TABLE N_Roll_Call (rcid INT PRIMARY KEY , roll_noINT);
Query OK, 0 rows affected (0.09 sec)

mysql> INSERT INTO N_Roll_Call (rcid, roll_no)VALUES (1, 101), (2, 102), (3, 103);
Query OK, 3 rows affected (0.07 sec)
Records: 3  Duplicates: 0  Warnings: 0

mysql> CREATE TABLE O_Roll_Call ( rcid INT PRIMARY KEY,roll_no INT);
Query OK, 0 rows affected (0.08 sec)

mysql> delimiter //
mysql> CREATE PROCEDURE MergeRollCallData()
    -> BEGIN
    ->     DECLARE done INT DEFAULT 0;
    ->     DECLARE n_rcid INT;
    ->     DECLARE n_roll_no INT;
    ->
    ->     -- Declare cursor for N_Roll_Call table
    ->     DECLARE n_cursor CURSOR FOR
    ->         SELECT rcid, roll_no FROM N_Roll_Call;
    ->
    ->     -- Declare variables to hold cursor values
    ->     DECLARE CONTINUE HANDLER FOR NOT FOUND SET done = 1;
    ->
    ->     -- Open the cursor
    ->     OPEN n_cursor;
    ->
    ->     -- Loop through the cursor results
    ->     read_loop: LOOP
    ->         -- Fetch cursor values into variables
    ->         FETCH n_cursor INTO n_rcid, n_roll_no;
    ->
    ->         -- Check if no more rows to fetch
    ->         IF done = 1 THEN
    ->             LEAVE read_loop;
    ->         END IF;
    ->
    ->         -- Check if the data already exists in O_Roll_Call table
    ->         IF NOT EXISTS (SELECT * FROM O_Roll_Call WHERE roll_no = n_roll_no) THEN
    ->             -- If not exists, merge the data into O_Roll_Call table
    ->             INSERT INTO O_Roll_Call (rcid, roll_no) VALUES (n_rcid, n_roll_no);
    ->         END IF;
    ->     END LOOP;
    ->
    ->     -- Close the cursor
    ->     CLOSE n_cursor;
    -> END//
Query OK, 0 rows affected (0.02 sec)

mysql> DELIMITER ;
mysql> CALL MergeRollCallData();
Query OK, 0 rows affected (0.08 sec)

mysql> SELECT * FROM O_Roll_Call;
+------+---------+
| rcid | roll_no |
+------+---------+
|    1 |     101 |
|    2 |     102 |
|    3 |     103 |
+------+---------+
3 rows in set (0.00 sec)

mysql>
